<html>
<body>
<pre>
<h1>µVision Build Log</h1>
<h2>Tool Versions:</h2>
IDE-Version: ¦ÌVision V5.16a
Copyright (C) 2015 ARM Ltd and ARM Germany GmbH. All rights reserved.
License Information: ma guo, china, LIC=----
 
Tool Versions:
Toolchain:       MDK-Lite  Version: 5.16a
Toolchain Path:  C:\Keil_v5\ARM\ARMCC\Bin
C Compiler:      Armcc.exe V5.06 (build 20)
Assembler:       Armasm.exe V5.06 (build 20)
Linker/Locator:  ArmLink.exe V5.06 (build 20)
Library Manager: ArmAr.exe V5.06 (build 20)
Hex Converter:   FromElf.exe V5.06 (build 20)
CPU DLL:         SARMCM3.DLL V5.16a
Dialog DLL:      DARMSTM.DLL V1.65.0.0
Target DLL:      STLink\ST-LINKIII-KEIL_SWO.dll V2.0.17.0
Dialog DLL:      TARMSTM.DLL V1.64.0.0
 
<h2>Project:</h2>
E:\DAQref\DAQ\DAQ.uvproj
Project File Date:  10/14/2015

<h2>Output:</h2>
*** Using Compiler 'V5.06 (build 20)', folder: 'C:\Keil_v5\ARM\ARMCC\Bin'
Build target 'DAQ'
compiling main.c...
User\src\main.c(249): warning:  #1035-D: single-precision operand implicitly converted to double-precision
        fCosRoll = (sqrt(1.0-(fSinRoll * fSinRoll)));
User\src\main.c(251): warning:  #1035-D: single-precision operand implicitly converted to double-precision
        fCosPitch = sqrt(1.0-(fSinPitch * fSinPitch));
User\src\main.c: 2 warnings, 0 errors
linking...
Program Size: Code=15964 RO-data=764 RW-data=448 ZI-data=1152  
".\Demo\Demo.axf" - 0 Error(s), 2 Warning(s).
Build Time Elapsed:  00:00:02
</pre>
</body>
</html>
